// Vitest Snapshot v1, https://vitest.dev/guide/snapshot.html

exports[`QA household graph — failed intake fixture > stage 1: extracts facts without child/address lines as parents > qa-extract-facts 1`] = `
[
  {
    "confidence": "high",
    "evidence": "Email token detected in paste",
    "fact_id": "email-1",
    "fact_type": "email",
    "normalized_value": "alex.lyons@test.com",
    "raw_value": "alex.lyons@test.com",
    "validation_state": "valid",
  },
  {
    "confidence": "low",
    "evidence": "Phone token detected in paste",
    "fact_id": "phone-2",
    "fact_type": "phone",
    "normalized_value": "987988899",
    "raw_value": "987988899",
    "validation_state": "invalid",
  },
  {
    "confidence": "high",
    "evidence": "Multi-parent labeled line",
    "fact_id": "person_name-3",
    "fact_type": "person_name",
    "normalized_value": "Alex Lyons",
    "raw_value": "Alex Lyons",
    "role_hint": "parent",
    "source_line": 1,
    "validation_state": "valid",
  },
  {
    "confidence": "high",
    "evidence": "Multi-parent labeled line",
    "fact_id": "person_name-4",
    "fact_type": "person_name",
    "normalized_value": "Jason Lyons",
    "raw_value": "Jason Lyons",
    "role_hint": "parent",
    "source_line": 1,
    "validation_state": "valid",
  },
  {
    "confidence": "medium",
    "evidence": "Child block entry",
    "fact_id": "person_name-5",
    "fact_type": "person_name",
    "normalized_value": "Jaxon",
    "raw_value": "Jaxon",
    "role_hint": "child",
    "source_line": 2,
    "validation_state": "ambiguous",
  },
  {
    "confidence": "high",
    "evidence": "Child DOB for Jaxon",
    "fact_id": "dob-6",
    "fact_type": "dob",
    "normalized_value": "2013-11-23",
    "raw_value": "2013-11-23",
    "role_hint": "child",
    "source_line": 2,
    "validation_state": "valid",
  },
  {
    "confidence": "medium",
    "evidence": "Child block entry",
    "fact_id": "person_name-7",
    "fact_type": "person_name",
    "normalized_value": "Max",
    "raw_value": "Max",
    "role_hint": "child",
    "source_line": 2,
    "validation_state": "ambiguous",
  },
  {
    "confidence": "high",
    "evidence": "Child DOB for Max",
    "fact_id": "dob-8",
    "fact_type": "dob",
    "normalized_value": "2017-11-14",
    "raw_value": "2017-11-14",
    "role_hint": "child",
    "source_line": 2,
    "validation_state": "valid",
  },
  {
    "confidence": "medium",
    "evidence": "Address-like line",
    "fact_id": "address-9",
    "fact_type": "address",
    "normalized_value": "1234 Main Street",
    "raw_value": "1234 Main Street",
    "source_line": 3,
    "validation_state": "unknown",
  },
  {
    "confidence": "medium",
    "evidence": "Address-like line",
    "fact_id": "address-10",
    "fact_type": "address",
    "normalized_value": "Bend, Oregon 97701",
    "raw_value": "Bend Oregon 97701",
    "source_line": 4,
    "validation_state": "unknown",
  },
  {
    "confidence": "low",
    "evidence": "Unmapped narrative text",
    "fact_id": "notes-11",
    "fact_type": "notes",
    "normalized_value": "Parents: Alex and Jason Lyons",
    "raw_value": "Parents: Alex and Jason Lyons",
    "validation_state": "unknown",
  },
]
`;

exports[`QA household graph — failed intake fixture > stage 2: builds household graph with 2 parents, 2 children, address, invalid phone > qa-household-graph 1`] = `
{
  "address": {
    "candidate_id": "address-5",
    "confidence": "medium",
    "lines": [
      "1234 Main Street",
      "Bend, Oregon 97701",
    ],
    "raw": "1234 Main Street
Bend, Oregon 97701",
    "source_fact_ids": [
      "address-9",
      "address-10",
    ],
    "validation_state": "unknown",
  },
  "children": [
    {
      "age_years": null,
      "calculated_age": {
        "display": "12 yrs 6 mos",
        "value": {
          "months": 6,
          "years": 12,
        },
      },
      "candidate_id": "person-3",
      "confidence": "high",
      "dob": "2013-11-23",
      "emails": [],
      "first_name": "Jaxon",
      "last_name": "Lyons",
      "last_name_inferred": true,
      "phones": [],
      "program_interest": null,
      "role": "child",
      "source_fact_ids": [
        "person_name-5",
        "dob-6",
      ],
      "source_line": 2,
      "validation_state": "valid",
    },
    {
      "age_years": null,
      "calculated_age": {
        "display": "8 yrs 7 mos",
        "value": {
          "months": 7,
          "years": 8,
        },
      },
      "candidate_id": "person-4",
      "confidence": "high",
      "dob": "2017-11-14",
      "emails": [],
      "first_name": "Max",
      "last_name": "Lyons",
      "last_name_inferred": true,
      "phones": [],
      "program_interest": null,
      "role": "child",
      "source_fact_ids": [
        "person_name-7",
        "dob-8",
      ],
      "source_line": 2,
      "validation_state": "valid",
    },
  ],
  "commit_limited_to_primary": false,
  "start_date": null,
  "household_contacts": [
    {
      "kind": "email",
      "raw_value": "alex.lyons@test.com",
      "source_fact_ids": [
        "email-1",
      ],
      "validation_state": "valid",
      "value": "alex.lyons@test.com",
    },
    {
      "kind": "phone",
      "raw_value": "987988899",
      "source_fact_ids": [
        "phone-2",
      ],
      "validation_state": "invalid",
      "value": "987988899",
    },
  ],
  "household_id": "household-6",
  "location": null,
  "notes": "Parents: Alex and Jason Lyons",
  "parents": [
    {
      "age_years": null,
      "calculated_age": null,
      "candidate_id": "person-1",
      "confidence": "high",
      "dob": null,
      "emails": [
        "alex.lyons@test.com",
      ],
      "first_name": "Alex",
      "last_name": "Lyons",
      "phones": [
        "987988899",
      ],
      "program_interest": null,
      "role": "parent",
      "source_fact_ids": [
        "person_name-3",
      ],
      "source_line": 1,
      "validation_state": "valid",
    },
    {
      "age_years": null,
      "calculated_age": null,
      "candidate_id": "person-2",
      "confidence": "high",
      "dob": null,
      "emails": [],
      "first_name": "Jason",
      "last_name": "Lyons",
      "phones": [],
      "program_interest": null,
      "role": "parent",
      "source_fact_ids": [
        "person_name-4",
      ],
      "source_line": 1,
      "validation_state": "valid",
    },
  ],
  "parents_guardians": [
    {
      "age_years": null,
      "calculated_age": null,
      "candidate_id": "person-1",
      "confidence": "high",
      "dob": null,
      "emails": [
        "alex.lyons@test.com",
      ],
      "first_name": "Alex",
      "last_name": "Lyons",
      "phones": [
        "987988899",
      ],
      "program_interest": null,
      "role": "parent",
      "source_fact_ids": [
        "person_name-3",
      ],
      "source_line": 1,
      "validation_state": "valid",
    },
    {
      "age_years": null,
      "calculated_age": null,
      "candidate_id": "person-2",
      "confidence": "high",
      "dob": null,
      "emails": [],
      "first_name": "Jason",
      "last_name": "Lyons",
      "phones": [],
      "program_interest": null,
      "role": "parent",
      "source_fact_ids": [
        "person_name-4",
      ],
      "source_line": 1,
      "validation_state": "valid",
    },
  ],
  "program_interest": null,
  "relationships": [
    {
      "confidence": "high",
      "from_candidate_id": "person-1",
      "inferred": true,
      "kind": "parent_guardian_to_child",
      "relationship_id": "relationship-1",
      "source_fact_ids": [
        "person_name-3",
        "person_name-5",
        "dob-6",
      ],
      "to_candidate_id": "person-3",
      "validation_state": "valid",
    },
    {
      "confidence": "high",
      "from_candidate_id": "person-2",
      "inferred": true,
      "kind": "parent_guardian_to_child",
      "relationship_id": "relationship-2",
      "source_fact_ids": [
        "person_name-4",
        "person_name-5",
        "dob-6",
      ],
      "to_candidate_id": "person-3",
      "validation_state": "valid",
    },
    {
      "confidence": "high",
      "from_candidate_id": "person-1",
      "inferred": true,
      "kind": "parent_guardian_to_child",
      "relationship_id": "relationship-3",
      "source_fact_ids": [
        "person_name-3",
        "person_name-7",
        "dob-8",
      ],
      "to_candidate_id": "person-4",
      "validation_state": "valid",
    },
    {
      "confidence": "high",
      "from_candidate_id": "person-2",
      "inferred": true,
      "kind": "parent_guardian_to_child",
      "relationship_id": "relationship-4",
      "source_fact_ids": [
        "person_name-4",
        "person_name-7",
        "dob-8",
      ],
      "to_candidate_id": "person-4",
      "validation_state": "valid",
    },
  ],
  "review_warnings": [
    {
      "code": "extra_parents_commit_limited",
      "message": "Jason Lyons will not be created — Create Lead commits only the primary parent (Alex Lyons). Add additional guardians after opening the lead.",
      "severity": "warning",
    },
    {
      "code": "extra_children_commit_limited",
      "message": "Max Lyons will not be created — Create Lead commits only the first child (Jaxon Lyons). Add siblings after opening the lead.",
      "severity": "warning",
    },
    {
      "code": "address_no_action_field",
      "message": "Address was detected but Create Lead has no address field — copy it manually or add it after opening the lead.",
      "severity": "info",
    },
    {
      "code": "invalid_phone",
      "message": "Phone (987988899) is invalid — enter a 10-digit US number or remove it. A valid email can still satisfy contact requirements.",
      "severity": "warning",
    },
    {
      "code": "child_last_name_inferred",
      "message": "Child last name "Lyons" inferred for Jaxon from household parents — confirm before commit.",
      "severity": "info",
    },
    {
      "code": "child_last_name_inferred",
      "message": "Child last name "Lyons" inferred for Max from household parents — confirm before commit.",
      "severity": "info",
    },
  ],
  "source": null,
  "unassigned_fact_ids": [],
  "unmapped_facts": [],
}
`;
